// Jest Snapshot v1, https://goo.gl/fbAQLP

exports[`PhoneNumber is rendered 1`] = `
.emotion-3 {
  display: inline-block;
  margin-left: 1.4em;
  text-indent: -1.4em;
}

.emotion-0 {
  font-family: "Segoe UI Emoji";
}

.emotion-1 {
  color: maroon;
  -webkit-text-decoration: none;
  text-decoration: none;
}

<div>
  <span
    class="emotion-3"
  >
    <span
      class="emotion-0"
      role="img"
      aria-label="phone receiver"
    >
      ðŸ“ž
    </span>
    <a
      href="tel:503-123-4567"
      class="emotion-1 emotion-2"
    >
      503-123-4567
    </a>
  </span>
</div>
`;
