// Jest Snapshot v1, https://goo.gl/fbAQLP

exports[`Event renders properly 1`] = `
.emotion-2 {
  font-weight: bold;
}

@media (min-width:63.125em) {
  .emotion-33 {
    display: grid;
    grid-template-columns: 1fr 2fr;
    grid-column-gap: 1.125rem;
  }
}

@media (min-width:63.125em) {
  .emotion-33 {
    display: -webkit-box;
    display: -webkit-flex;
    display: -ms-flexbox;
    display: flex;
    -webkit-box-pack: justify;
    -webkit-justify-content: space-between;
    -ms-flex-pack: justify;
    justify-content: space-between;
  }
}

@media (min-width:63.125em) {
  .emotion-33 > *:first-child {
    -webkit-flex: 0 0 32%;
    -ms-flex: 0 0 32%;
    flex: 0 0 32%;
  }
}

@media (min-width:63.125em) {
  .emotion-33 > *:last-child {
    -webkit-flex: 0 0 65%;
    -ms-flex: 0 0 65%;
    flex: 0 0 65%;
  }
}

.emotion-28 {
  -webkit-flex-wrap: wrap;
  -ms-flex-wrap: wrap;
  flex-wrap: wrap;
}

@media (min-width:36.875em) {
  .emotion-28 {
    display: grid;
    grid-template-columns: 1fr 1fr;
    grid-column-gap: 10vw;
  }
}

@media (min-width:63.125em) {
  .emotion-28 {
    display: block;
  }
}

@media (min-width:36.875em) {
  .emotion-28 {
    display: -webkit-box;
    display: -webkit-flex;
    display: -ms-flexbox;
    display: flex;
  }
}

@media (min-width:63.125em) {
  .emotion-28 {
    display: block;
  }
}

@media (min-width:36.875em) {
  .emotion-28 > *:first-child {
    margin-right: 10vw;
  }
}

.emotion-0 {
  font-size: 1rem;
  font-weight: normal;
  color: hsl(0,0%,29%);
  margin: 0 0 0;
}

.emotion-7 a,
.emotion-7 p {
  display: block;
  margin: 0.75em 0 0;
}

.emotion-5 {
  color: hsl(44,56%,32%);
  -webkit-text-decoration: none;
  text-decoration: none;
  display: inline-block;
}

.emotion-4 {
  display: -webkit-box;
  display: -webkit-flex;
  display: -ms-flexbox;
  display: flex;
  -webkit-align-items: baseline;
  -webkit-box-align: baseline;
  -ms-flex-align: baseline;
  align-items: baseline;
}

.emotion-3 {
  font-family: "Segoe UI Emoji";
  margin-right: 0.25em;
}

.emotion-9 {
  font-size: 1rem;
  font-weight: normal;
  color: hsl(0,0%,29%);
  margin: 0 0 0;
  margin-top: 2.25em;
}

@media (min-width:36.875em) {
  .emotion-9 {
    margin-top: 0;
  }
}

@media (min-width:63.125em) {
  .emotion-9 {
    margin-top: 2.25em;
  }
}

.emotion-11 {
  color: hsl(44,56%,32%);
  -webkit-text-decoration: none;
  text-decoration: none;
  font-weight: bold;
}

.emotion-14 {
  color: hsl(44,56%,32%);
  -webkit-text-decoration: none;
  text-decoration: none;
}

.emotion-23 {
  grid-column: 1 / 3;
  padding: 0;
  margin-top: 2.25em;
}

.emotion-23 li {
  color: hsl(0,0%,45%);
  margin-left: 1.5rem;
}

.emotion-26 {
  border-radius: 0.25rem;
  box-shadow: 0 3px 8px 0 hsla(0,0%,0%,0.15);
  display: inline-block;
  font-size: 1rem;
  text-align: center;
  vertical-align: middle;
  -webkit-text-decoration: none;
  text-decoration: none;
  padding: 0.625rem 1.125rem;
  border: 0;
  font-size: 1.25rem;
  padding: 0.5rem 1.125rem;
  background-color: hsl(328,85%,48%);
  color: hsl(328,85%,95%);
  width: auto;
  grid-column: 1 / 3;
  margin-top: 0.375rem;
  width: 100%;
}

.emotion-31 {
  margin-top: 1.5rem;
}

@media (min-width:63.125em) {
  .emotion-31 {
    margin-top: 0px;
  }
}

.emotion-30 {
  box-shadow: 0 2px 6px 0 hsla(0,0%,0%,0.2);
  width: 100%;
  border: 0;
}

<div>
  <div
    class="emotion-33 emotion-34"
  >
    <div
      class="emotion-28 emotion-29"
    >
      <div>
        <h2
          class="emotion-0 emotion-1"
        >
          When?
        </h2>
        <div
          class="emotion-7 emotion-8"
        >
          <p
            class="emotion-2"
          >
            <time
              datetime="2018-06-23 16:00"
            >
              Saturday, June 23, 2018
            </time>
          </p>
          <p>
            Starts at 4:00pm, dinner buffet at 5:00pm
          </p>
          <a
            href="event.ics"
            class="emotion-5 emotion-6"
            download=""
          >
            <span
              class="emotion-4"
            >
              <span
                class="emotion-3"
                role="img"
                aria-label="calendar"
              >
                üìÜ
              </span>
              Add to calendar
            </span>
          </a>
        </div>
      </div>
      <div>
        <h2
          class="emotion-9 emotion-1"
        >
          Where?
        </h2>
        <div
          class="emotion-7 emotion-8"
        >
          <a
            href="http://vistalindacatering.com/"
            rel="nofollow"
            class="emotion-11 emotion-6"
          >
            Vista Linda Mexican & Catering
          </a>
          <address>
            <div>
              <span
                class="emotion-4"
              >
                <span
                  class="emotion-3"
                  role="img"
                  aria-label="round pushpin"
                >
                  üìç
                </span>
                <a
                  href="https://goo.gl/maps/THRyvih62562"
                  class="emotion-14 emotion-6"
                >
                  240 Boon Rd, Somers, MT 59932
                </a>
              </span>
            </div>
            <div>
              <span
                class="emotion-4"
              >
                <span
                  class="emotion-3"
                  role="img"
                  aria-label="phone receiver"
                >
                  üìû
                </span>
                <a
                  href="tel:(406) 857-3158"
                  class="emotion-14 emotion-6"
                >
                  (406) 857-3158
                </a>
              </span>
            </div>
          </address>
        </div>
      </div>
      <ul
        class="emotion-23 emotion-24"
      >
        <li>
          Event will take place outdoors in a covered pavilion
        </li>
        <li>
          Dressy casual attire
        </li>
      </ul>
      <a
        href="https://goo.gl/forms/SKdVBcUt7LUQmP1K2"
        class="emotion-25 emotion-26 emotion-27"
      >
        RSVP
      </a>
    </div>
    <div
      class="emotion-31 emotion-32"
    >
      <div>
        <iframe
          src="https://www.google.com/maps/embed?pb=!1m18!1m12!1m3!1d2665.5868734347823!2d-114.24015338435312!3d48.07961667921895!2m3!1f0!2f0!3f0!3m2!1i1024!2i768!4f13.1!3m3!1m2!1s0x5366535871876905%3A0x3088f2289bea6c!2sVista+Linda+Mexican+%26+Catering!5e0!3m2!1sen!2sus!4v1520397563655"
          title="map"
          height="300"
          allowfullscreen=""
          class="emotion-30"
        />
      </div>
    </div>
  </div>
</div>
`;
