// Jest Snapshot v1, https://goo.gl/fbAQLP

exports[`Event renders properly 1`] = `
.emotion-6 {
  font-weight: bold;
}

.emotion-31 {
  grid-column: 1 / 3;
  padding: 0;
  margin-top: 2em;
}

.emotion-2 {
  font-weight: normal;
  line-height: 1.1;
  margin: 0 0 1em;
  font-size: 1.75rem;
}

@media (max-width:21.875em) {
  .emotion-2 {
    font-size: 1.5rem;
  }
}

.emotion-1 {
  display: -webkit-box;
  display: -webkit-flex;
  display: -ms-flexbox;
  display: flex;
  -webkit-align-items: baseline;
  -webkit-box-align: baseline;
  -ms-flex-align: baseline;
  align-items: baseline;
}

.emotion-0 {
  font-family: "Segoe UI Emoji";
  margin-right: 0.25em;
}

@media (min-width:61.25em) {
  .emotion-39 {
    display: grid;
    grid-template-columns: 1fr 2fr;
    grid-column-gap: 1rem;
  }
}

@media (min-width:36.875em) {
  .emotion-34 {
    display: grid;
    grid-template-columns: 1fr 1fr;
    grid-column-gap: 10vw;
  }
}

@media (min-width:61.25em) {
  .emotion-34 {
    display: block;
  }
}

.emotion-4 {
  font-size: 1rem;
  font-weight: normal;
  color: hsl(0,0%,29%);
  margin: 0 0 1em;
}

.emotion-11 a,
.emotion-11 p {
  margin: 0.75em 0 0;
}

.emotion-9 {
  color: hsl(44,56%,32%);
  -webkit-text-decoration: none;
  text-decoration: none;
  display: inline-block;
}

.emotion-13 {
  font-size: 1rem;
  font-weight: normal;
  color: hsl(0,0%,29%);
  margin: 0 0 1em;
  margin-top: 2.25em;
}

@media (min-width:36.875em) {
  .emotion-13 {
    margin-top: 0;
  }
}

@media (min-width:61.25em) {
  .emotion-13 {
    margin-top: 2.25em;
  }
}

.emotion-15 {
  color: hsl(44,56%,32%);
  -webkit-text-decoration: none;
  text-decoration: none;
  font-weight: bold;
}

.emotion-18 {
  color: hsl(44,56%,32%);
  -webkit-text-decoration: none;
  text-decoration: none;
}

.emotion-27 {
  color: hsl(0,0%,45%);
  margin-left: 1.5rem;
}

.emotion-32 {
  border-radius: 0.25rem;
  box-shadow: 0 3px 8px 0 hsla(0,0%,0%,0.15);
  display: inline-block;
  font-size: 1rem;
  text-align: center;
  vertical-align: middle;
  -webkit-text-decoration: none;
  text-decoration: none;
  padding: 0.5rem 0.75rem;
  border: 0;
  font-size: 1.25rem;
  padding: 0.75rem 1rem;
  background-color: hsl(328,85%,48%);
  color: hsl(328,85%,95%);
  width: 100%;
  grid-column: 1 / 3;
  margin-top: 0.5rem;
}

.emotion-37 {
  margin-top: 1.5rem;
}

@media (min-width:61.25em) {
  .emotion-37 {
    margin-top: 0px;
  }
}

.emotion-36 {
  box-shadow: 0 2px 6px 0 hsla(0,0%,0%,0.2);
  width: 100%;
  border: 0;
}

<div>
  <h1
    id="uniqueId-description"
    class="emotion-2 emotion-3"
  >
    <span
      class="emotion-1"
    >
      <span
        class="emotion-0"
        role="img"
        aria-label="party hat"
      >
        üéâ
      </span>
      Celebration Details
    </span>
  </h1>
  <div
    class="emotion-39 emotion-40"
  >
    <div
      class="emotion-34 emotion-35"
    >
      <div>
        <h2
          class="emotion-4 emotion-5"
        >
          When?
        </h2>
        <div
          class="emotion-11 emotion-12"
        >
          <p
            class="emotion-6"
          >
            <time
              datetime="2018-06-23 16:00"
            >
              Saturday, June 23, 2018
            </time>
          </p>
          <p>
            Starts at 4:00pm, dinner buffet at 5:00pm
          </p>
          <a
            href="event.ics"
            class="emotion-9 emotion-10"
            download=""
          >
            <span
              class="emotion-1"
            >
              <span
                class="emotion-0"
                role="img"
                aria-label="calendar"
              >
                üìÜ
              </span>
              Add to calendar
            </span>
          </a>
        </div>
      </div>
      <div>
        <h2
          class="emotion-13 emotion-5"
        >
          Where?
        </h2>
        <div
          class="emotion-11 emotion-12"
        >
          <a
            href="http://vistalindacatering.com/"
            rel="nofollow"
            class="emotion-15 emotion-10"
          >
            Vista Linda Mexican & Catering
          </a>
          <address>
            <div>
              <span
                class="emotion-1"
              >
                <span
                  class="emotion-0"
                  role="img"
                  aria-label="round pushpin"
                >
                  üìç
                </span>
                <a
                  href="https://goo.gl/maps/THRyvih62562"
                  class="emotion-18 emotion-10"
                >
                  240 Boon Rd, Somers, MT 59932
                </a>
              </span>
            </div>
            <div>
              <span
                class="emotion-1"
              >
                <span
                  class="emotion-0"
                  role="img"
                  aria-label="phone receiver"
                >
                  üìû
                </span>
                <a
                  href="tel:(406) 857-3158"
                  class="emotion-18 emotion-10"
                >
                  (406) 857-3158
                </a>
              </span>
            </div>
          </address>
        </div>
      </div>
      <ul
        class="emotion-31"
      >
        <li
          class="emotion-27 emotion-28"
        >
          Event will take place outdoors in a covered pavilion
        </li>
        <li
          class="emotion-27 emotion-28"
        >
          Dressy casual attire
        </li>
      </ul>
      <a
        href="https://goo.gl/forms/SKdVBcUt7LUQmP1K2"
        width="100%"
        class="emotion-32 emotion-33"
      >
        RSVP
      </a>
    </div>
    <div
      class="emotion-37 emotion-38"
    >
      <div>
        <iframe
          src="https://www.google.com/maps/embed?pb=!1m18!1m12!1m3!1d2665.5868734347823!2d-114.24015338435312!3d48.07961667921895!2m3!1f0!2f0!3f0!3m2!1i1024!2i768!4f13.1!3m3!1m2!1s0x5366535871876905%3A0x3088f2289bea6c!2sVista+Linda+Mexican+%26+Catering!5e0!3m2!1sen!2sus!4v1520397563655"
          title="map"
          height="300"
          allowfullscreen=""
          class="emotion-36"
        />
      </div>
    </div>
  </div>
</div>
`;
