// Jest Snapshot v1, https://goo.gl/fbAQLP

exports[`EmojiLabel is rendered 1`] = `
.emotion-1 {
  display: -webkit-box;
  display: -webkit-flex;
  display: -ms-flexbox;
  display: flex;
  -webkit-align-items: baseline;
  -webkit-box-align: baseline;
  -ms-flex-align: baseline;
  align-items: baseline;
}

.emotion-0 {
  font-family: "Segoe UI Emoji";
  margin-right: 0.25em;
}

<div>
  <span
    class="emotion-1"
  >
    <span
      class="emotion-0"
      role="img"
      aria-label="unicorn"
    >
      ðŸ¦„
    </span>
    Very Important
  </span>
</div>
`;
