// Jest Snapshot v1, https://goo.gl/fbAQLP

exports[`ContactUs renders properly 1`] = `
@media (min-width:37.5em) {
  .emotion-14 {
    display: grid;
    grid-template-columns: 5.25rem 30rem;
    grid-row-gap: 1.125rem;
  }
}

@media (min-width:37.5em) {
  .emotion-14 {
    display: -webkit-box;
    display: -webkit-flex;
    display: -ms-flexbox;
    display: flex;
    -webkit-flex-wrap: wrap;
    -ms-flex-wrap: wrap;
    flex-wrap: wrap;
    -webkit-align-items: baseline;
    -webkit-box-align: baseline;
    -ms-flex-align: baseline;
    align-items: baseline;
    width: 38rem;
  }
}

@media (min-width:37.5em) {
  .emotion-0 {
    margin-top: 0.375rem;
  }
}

@media (min-width:37.5em) {
  .emotion-0 {
    -webkit-flex: 0 0 5.25rem;
    -ms-flex: 0 0 5.25rem;
    flex: 0 0 5.25rem;
  }
}

.emotion-2 {
  border-radius: 0.25rem;
  font: 1rem "Libre Franklin",sans-serif;
  line-height: 1.5;
  padding: 0.375rem 0.75rem;
  border: 1px solid hsla(0,0%,0%,0.16);
  box-shadow: inset 0 2px 4px 0 hsla(0,0%,0%,0.08);
  -webkit-appearance: none;
  display: block;
  width: 100%;
  margin: 0.5rem 0 1.625rem;
}

@media (min-width:37.5em) {
  .emotion-2 {
    width: auto;
    margin: 0;
  }
}

@media (min-width:37.5em) {
  .emotion-2 {
    -webkit-flex: 0 0 30rem;
    -ms-flex: 0 0 30rem;
    flex: 0 0 30rem;
  }
}

@media (min-width:37.5em) {
  .emotion-2 {
    margin-top: 1.125rem;
  }
}

.emotion-10 {
  border-radius: 0.25rem;
  font: 1rem "Libre Franklin",sans-serif;
  line-height: 1.5;
  padding: 0.375rem 0.75rem;
  border: 1px solid hsla(0,0%,0%,0.16);
  box-shadow: inset 0 2px 4px 0 hsla(0,0%,0%,0.08);
  -webkit-appearance: none;
  display: block;
  width: 100%;
  margin: 0.5rem 0 1.625rem;
}

@media (min-width:37.5em) {
  .emotion-10 {
    width: auto;
    margin: 0;
  }
}

@media (min-width:37.5em) {
  .emotion-10 {
    -webkit-flex: 0 0 30rem;
    -ms-flex: 0 0 30rem;
    flex: 0 0 30rem;
  }
}

@media (min-width:37.5em) {
  .emotion-10 {
    margin-top: 1.125rem;
  }
}

.emotion-12 {
  border-radius: 0.25rem;
  box-shadow: 0 3px 8px 0 hsla(0,0%,0%,0.15);
  display: inline-block;
  font-size: 1rem;
  text-align: center;
  vertical-align: middle;
  -webkit-text-decoration: none;
  text-decoration: none;
  padding: 0.625rem 1.125rem;
  border: 0;
  grid-column-start: 2;
  justify-self: start;
  cursor: pointer;
  color: hsl(288,50%,48%);
  border: 4px solid hsl(288,50%,78%);
  background-color: transparent;
  width: 6em;
}

@media (min-width:37.5em) {
  .emotion-12 {
    margin-left: 5.25rem;
  }
}

@media (min-width:37.5em) {
  .emotion-12 {
    margin-top: 1.125rem;
  }
}

<div>
  <form
    action="https://formspree.io/birky50@damacy.net"
    method="POST"
    class="emotion-14 emotion-15"
  >
    <label
      for="contact_us_name"
      class="emotion-0 emotion-1"
    >
      Name
    </label>
    <input
      type="text"
      name="name"
      id="contact_us_name"
      placeholder="Your Name"
      required=""
      class="emotion-2 emotion-3"
    />
    <label
      for="contact_us_email"
      class="emotion-0 emotion-1"
    >
      Email
    </label>
    <input
      type="email"
      name="email"
      id="contact_us_email"
      placeholder="Your Email"
      required=""
      class="emotion-2 emotion-3"
    />
    <label
      for="contact_us_message"
      class="emotion-0 emotion-1"
    >
      Message
    </label>
    <textarea
      name="message"
      id="contact_us_message"
      placeholder="Message"
      rows="3"
      required=""
      class="emotion-10 emotion-11"
    />
    <input
      type="hidden"
      name="_subject"
      value="Birky 50th Anniversary Message"
    />
    <input
      type="hidden"
      name="_gotcha"
    />
    <button
      type="submit"
      class="emotion-12 emotion-13"
    >
      Send
    </button>
  </form>
</div>
`;
