// Jest Snapshot v1, https://goo.gl/fbAQLP

exports[`Card is rendered 1`] = `
.emotion-6 {
  margin: 1rem;
}

.emotion-7 {
  display: -webkit-box;
  display: -webkit-flex;
  display: -ms-flexbox;
  display: flex;
  -webkit-flex-direction: column;
  -ms-flex-direction: column;
  flex-direction: column;
  background-color: white;
  border-radius: 0.25rem;
}

.emotion-0 {
  border-radius: 0.25rem;
  border-bottom-left-radius: 0;
  border-bottom-right-radius: 0;
  width: 100%;
}

.emotion-2 {
  font-size: 1.25rem;
  line-height: 1.5rem;
  margin-bottom: 0.75rem;
}

.emotion-1 {
  color: maroon;
  -webkit-text-decoration: none;
  text-decoration: none;
}

.emotion-4 {
  margin-left: 1.5rem;
  text-indent: -1.5rem;
}

<div
  class="emotion-7"
>
  <a
    href="https://example.com"
    rel="nofollow"
  >
    <img
      src="https://url_to_img"
      alt="Little Big Burger"
      class="emotion-0"
    />
  </a>
  <div
    class="emotion-6"
  >
    <div
      class="emotion-2"
    >
      <a
        href="https://example.com"
        rel="nofollow"
        class="emotion-1"
      >
        Little Big Burger
      </a>
    </div>
    <p>
      100.00
    </p>
    <address>
      <div
        class="emotion-4"
      >
        <span
          role="img"
          aria-label="round pushpin"
        >
          üìç
        </span>
        <a
          href="https://url_to_map"
          class="emotion-1"
        >
          123 Main Street
        </a>
      </div>
      <div>
        <span
          role="img"
          aria-label="phone receiver"
        >
          üìû
        </span>
        <a
          href="tel:503-543-2345"
          class="emotion-1"
        >
          503-543-2345
        </a>
      </div>
    </address>
  </div>
</div>
`;

exports[`Card w/o phone is rendered 1`] = `
"Snapshot Diff:
- First value
+ Second value

@@ -44,23 +44,8 @@
            href=\\"https://url_to_map\\"
          >
            123 Main Street
          </a>
        </div>
-       <div>
-         <span
-           aria-label=\\"phone receiver\\"
-           role=\\"img\\"
-         >
-           üìû
-         </span>
-          
-         <a
-           class=\\"css-8s3g3u\\"
-           href=\\"tel:503-543-2345\\"
-         >
-           503-543-2345
-         </a>
-       </div>
      </address>
    </div>
  </div>"
`;

exports[`Card w/o price and phone is rendered 1`] = `
"Snapshot Diff:
- First value
+ Second value

@@ -23,13 +23,10 @@
          rel=\\"nofollow\\"
        >
          Little Big Burger
        </a>
      </div>
-     <p>
-       100.00
-     </p>
      <address>
        <div
          class=\\"css-10ryyyv\\"
        >
          <span
@@ -44,23 +41,8 @@
            href=\\"https://url_to_map\\"
          >
            123 Main Street
          </a>
        </div>
-       <div>
-         <span
-           aria-label=\\"phone receiver\\"
-           role=\\"img\\"
-         >
-           üìû
-         </span>
-          
-         <a
-           class=\\"css-8s3g3u\\"
-           href=\\"tel:503-543-2345\\"
-         >
-           503-543-2345
-         </a>
-       </div>
      </address>
    </div>
  </div>"
`;

exports[`Card w/o price is rendered 1`] = `
"Snapshot Diff:
- First value
+ Second value

@@ -23,13 +23,10 @@
          rel=\\"nofollow\\"
        >
          Little Big Burger
        </a>
      </div>
-     <p>
-       100.00
-     </p>
      <address>
        <div
          class=\\"css-10ryyyv\\"
        >
          <span"
`;
