// Jest Snapshot v1, https://goo.gl/fbAQLP

exports[`CardList renders CardList is rendered 1`] = `
.emotion-0 {
  line-height: 1.1;
  margin-bottom: 1rem;
}

@media (max-width:350px) {
  .emotion-0 {
    font-size: 2.4rem;
  }
}

.emotion-17 {
  display: grid;
  grid-gap: 1.5rem;
  margin-bottom: 0.75em;
  display: -webkit-box;
  display: -webkit-flex;
  display: -ms-flexbox;
  display: flex;
  -webkit-flex-wrap: wrap;
  -ms-flex-wrap: wrap;
  flex-wrap: wrap;
}

.emotion-17 > div {
  margin-right: 1.5rem;
  margin-bottom: 1.5rem;
}

.emotion-17 > div {
  -webkit-flex: 0 0 21.25rem;
  -ms-flex: 0 0 21.25rem;
  flex: 0 0 21.25rem;
}

.emotion-14 {
  margin: 1rem;
}

.emotion-15 {
  border-radius: 0.25rem;
  background-color: white;
}

.emotion-6 {
  font-size: 1.25rem;
  line-height: 1.4;
  margin-bottom: 0.75rem;
}

.emotion-4 {
  color: maroon;
  -webkit-text-decoration: none;
  text-decoration: none;
}

.emotion-10 {
  display: inline-block;
  margin-left: 1.4em;
  text-indent: -1.4em;
}

.emotion-2 {
  border-radius: 0.25rem;
  border-bottom-left-radius: 0;
  border-bottom-right-radius: 0;
  display: block;
  height: 12rem;
  background-image: url(https://url_to_image/);
  background-size: cover;
  background-position: center center;
}

<div>
  <h1
    id="uniqueId-description"
    class="emotion-0 emotion-1"
  >
    A Title
  </h1>
  <div
    class="emotion-17 emotion-18"
  >
    <div
      class="emotion-15 emotion-16"
    >
      <a
        href="https://som_url/"
        rel="nofollow"
        class="emotion-2 emotion-3"
      />
      <div
        class="emotion-14"
      >
        <div
          class="emotion-6 emotion-7"
        >
          <a
            href="https://som_url/"
            rel="nofollow"
            class="emotion-4 emotion-5"
          >
            ABC Co.
          </a>
        </div>
        <p>
          $100‚Äì$200
        </p>
        <address>
          <div>
            <span
              class="emotion-10"
            >
              <span
                role="img"
                aria-label="round pushpin"
              >
                üìç
              </span>
              <a
                href="https://url_to_map/"
                class="emotion-4 emotion-5"
              >
                123 Main Street
              </a>
            </span>
          </div>
          <div>
            <span
              class="emotion-10"
            >
              <span
                role="img"
                aria-label="phone receiver"
              >
                üìû
              </span>
              <a
                href="tel:415-123-4567"
                class="emotion-4 emotion-5"
              >
                415-123-4567
              </a>
            </span>
          </div>
        </address>
      </div>
    </div>
  </div>
</div>
`;
