// Jest Snapshot v1, https://goo.gl/fbAQLP

exports[`SectionHeader is rendered 1`] = `
<h1
  id="uniqueId-description"
  class="mb-3"
>
  I'm a child.
</h1>
`;
