// Jest Snapshot v1, https://goo.gl/fbAQLP

exports[`CardList renders CardList is rendered 1`] = `
.emotion-19 {
  display: grid;
  grid-gap: 1.5rem;
  margin-bottom: 0.75em;
  display: -webkit-box;
  display: -webkit-flex;
  display: -ms-flexbox;
  display: flex;
  -webkit-flex-wrap: wrap;
  -ms-flex-wrap: wrap;
  flex-wrap: wrap;
}

.emotion-19 > div {
  margin-right: 1.5rem;
  margin-bottom: 1.5rem;
}

.emotion-19 > div {
  -webkit-flex: 0 0 21.25rem;
  -ms-flex: 0 0 21.25rem;
  flex: 0 0 21.25rem;
}

.emotion-16 {
  margin: 0.75rem;
}

.emotion-6 {
  margin: 0.75rem 0 0;
  color: hsl(0,0%,45%);
}

.emotion-15 > * {
  margin-top: 0.75rem;
}

.emotion-17 {
  border-radius: 0.25rem;
  box-shadow: 0 2px 6px 0 hsla(0,0%,0%,0.2);
}

.emotion-4 {
  font-weight: bold;
}

.emotion-2 {
  color: hsl(44,56%,32%);
  -webkit-text-decoration: none;
  text-decoration: none;
}

.emotion-10 {
  display: -webkit-box;
  display: -webkit-flex;
  display: -ms-flexbox;
  display: flex;
  -webkit-align-items: baseline;
  -webkit-box-align: baseline;
  -ms-flex-align: baseline;
  align-items: baseline;
}

.emotion-7 {
  font-family: "Segoe UI Emoji";
  margin-right: 0.25em;
}

.emotion-0 {
  border-radius: 0.25rem;
  border-bottom-left-radius: 0;
  border-bottom-right-radius: 0;
  display: block;
  height: 12rem;
  background-image: url(https://url_to_image/);
  background-size: cover;
  background-position: center center;
}

<div>
  <div
    class="emotion-19 emotion-20"
  >
    <div
      class="emotion-17 emotion-18"
    >
      <a
        href="https://som_url/"
        rel="nofollow"
        class="emotion-0 emotion-1"
      />
      <div
        class="emotion-16"
      >
        <div
          class="emotion-4 emotion-5"
        >
          <a
            href="https://som_url/"
            rel="nofollow"
            class="emotion-2 emotion-3"
          >
            ABC Co.
          </a>
        </div>
        <p
          class="emotion-6"
        >
          $100‚Äì$200
        </p>
        <address
          class="emotion-15"
        >
          <div>
            <span
              class="emotion-10"
            >
              <span
                class="emotion-7"
                role="img"
                aria-label="round pushpin"
              >
                üìç
              </span>
              <a
                href="https://url_to_map/"
                class="emotion-2 emotion-3"
              >
                123 Main Street
              </a>
            </span>
          </div>
          <div>
            <span
              class="emotion-10"
            >
              <span
                class="emotion-7"
                role="img"
                aria-label="phone receiver"
              >
                üìû
              </span>
              <a
                href="tel:415-123-4567"
                class="emotion-2 emotion-3"
              >
                415-123-4567
              </a>
            </span>
          </div>
        </address>
      </div>
    </div>
  </div>
</div>
`;
