// Jest Snapshot v1, https://goo.gl/fbAQLP

exports[`NavMenu renders properly 1`] = `
.emotion-4 {
  display: -webkit-box;
  display: -webkit-flex;
  display: -ms-flexbox;
  display: flex;
  -webkit-flex-wrap: wrap;
  -ms-flex-wrap: wrap;
  flex-wrap: wrap;
  -webkit-box-pack: space-around;
  -webkit-justify-content: space-around;
  -ms-flex-pack: space-around;
  justify-content: space-around;
  list-style-type: none;
  padding: 0.375rem 0 0.75rem;
  margin: 0;
}

.emotion-2 {
  color: hsl(44,56%,32%);
  -webkit-text-decoration: none;
  text-decoration: none;
  display: block;
  font-size: 1.25rem;
  padding: 0.75rem 1.125rem;
}

.emotion-0 {
  display: inline-block;
  padding: 0 0.25em 0.1875em;
  border-bottom: 4px solid yellow;
}

<nav>
  <ul
    class="emotion-4 emotion-5"
  >
    <li>
      <a
        href="#id"
        class="emotion-2 emotion-3"
      >
        <span
          class="emotion-0 emotion-1"
        >
          Menu Item
        </span>
      </a>
    </li>
  </ul>
</nav>
`;
