// Jest Snapshot v1, https://goo.gl/fbAQLP

exports[`Event renders properly 1`] = `
.emotion-10 {
  margin-top: 1.5rem;
}

@media (min-width:540px) {
  .emotion-10 {
    margin-top: 0;
  }
}

@media (min-width:900px) {
  .emotion-10 {
    margin-top: 1.5rem;
  }
}

.emotion-23 {
  grid-column: 1 / 3;
  padding: 0;
  margin-top: 1.5rem;
}

.emotion-1 {
  line-height: 1.1;
  margin-bottom: 1rem;
}

@media (max-width:350px) {
  .emotion-1 {
    font-size: 2.4rem;
  }
}

.emotion-0 {
  display: inline-block;
  margin-left: 1.4em;
  text-indent: -1.4em;
}

@media (min-width:900px) {
  .emotion-31 {
    display: grid;
    grid-template-columns: 1fr 2fr;
    grid-column-gap: 1rem;
  }
}

@media (min-width:900px) {
  .emotion-31 {
    display: -webkit-box;
    display: -webkit-flex;
    display: -ms-flexbox;
    display: flex;
    -webkit-box-pack: justify;
    -webkit-justify-content: space-between;
    -ms-flex-pack: justify;
    justify-content: space-between;
  }
}

@media (min-width:900px) {
  .emotion-31 > *:first-child {
    -webkit-flex: 0 0 32%;
    -ms-flex: 0 0 32%;
    flex: 0 0 32%;
  }
}

@media (min-width:900px) {
  .emotion-31 > *:last-child {
    -webkit-flex: 0 0 65%;
    -ms-flex: 0 0 65%;
    flex: 0 0 65%;
  }
}

.emotion-26 {
  -webkit-flex-wrap: wrap;
  -ms-flex-wrap: wrap;
  flex-wrap: wrap;
}

@media (min-width:540px) {
  .emotion-26 {
    display: grid;
    grid-template-columns: 1fr 1fr;
    grid-column-gap: 3rem;
  }
}

@media (min-width:900px) {
  .emotion-26 {
    display: block;
  }
}

@media (min-width:540px) {
  .emotion-26 {
    display: -webkit-box;
    display: -webkit-flex;
    display: -ms-flexbox;
    display: flex;
  }
}

@media (min-width:900px) {
  .emotion-26 {
    display: block;
  }
}

@media (min-width:540px) {
  .emotion-26 > *:first-child {
    margin-right: 3rem;
  }
}

.emotion-3 {
  margin: 0.25rem 0;
}

.emotion-8 {
  color: maroon;
  -webkit-text-decoration: none;
  text-decoration: none;
}

.emotion-19 {
  margin-left: 1.5rem;
}

.emotion-24 {
  border-radius: 0.25rem;
  display: inline-block;
  font-size: 1rem;
  text-align: center;
  vertical-align: middle;
  white-space: nowrap;
  -webkit-text-decoration: none;
  text-decoration: none;
  padding: 0.5rem 0.75rem;
  font-size: 1.25rem;
  padding: 0.75rem 1rem;
  border-radius: 0.3rem;
  color: white;
  font-weight: bold;
  background-color: rgb(225,18,130);
  width: 100%;
  grid-column: 1 / 3;
  margin-top: 0.5rem;
}

.emotion-29 {
  margin-top: 1.5rem;
}

@media (min-width:900px) {
  .emotion-29 {
    margin-top: 0px;
  }
}

.emotion-28 {
  width: 100%;
  border: 0;
}

<div>
  <h1
    id="uniqueId-description"
    class="emotion-1 emotion-2"
  >
    <span
      class="emotion-0"
    >
      <span
        role="img"
        aria-label="party hat"
      >
        üéâ
      </span>
      Celebration Details
    </span>
  </h1>
  <div
    class="emotion-31 emotion-32"
  >
    <div
      class="emotion-26 emotion-27"
    >
      <div>
        <h2>
          When?
        </h2>
        <p
          class="emotion-3 emotion-4"
        >
          <time
            datetime="2018-06-23 16:00"
          >
            Saturday, June 23, 2018
          </time>
        </p>
        <p
          class="emotion-3 emotion-4"
        >
          Starts at 4:00pm, dinner buffet at 5:00pm
        </p>
        <a
          href="event.ics"
          download=""
          class="emotion-8 emotion-9"
        >
          <span
            class="emotion-0"
          >
            <span
              role="img"
              aria-label="calendar"
            >
              üìÜ
            </span>
            Add to calendar
          </span>
        </a>
      </div>
      <div>
        <h2
          class="emotion-10"
        >
          Where?
        </h2>
        <a
          href="http://vistalindacatering.com/"
          rel="nofollow"
          class="emotion-8 emotion-9"
        >
          Vista Linda Mexican & Catering
        </a>
        <address>
          <div>
            <span
              class="emotion-0"
            >
              <span
                role="img"
                aria-label="round pushpin"
              >
                üìç
              </span>
              <a
                href="https://goo.gl/maps/THRyvih62562"
                class="emotion-8 emotion-9"
              >
                240 Boon Rd, Somers, MT 59932
              </a>
            </span>
          </div>
          <div>
            <span
              class="emotion-0"
            >
              <span
                role="img"
                aria-label="phone receiver"
              >
                üìû
              </span>
              <a
                href="tel:(406) 857-3158"
                class="emotion-8 emotion-9"
              >
                (406) 857-3158
              </a>
            </span>
          </div>
        </address>
      </div>
      <ul
        class="emotion-23"
      >
        <li
          class="emotion-19 emotion-20"
        >
          Event will take place outdoors in a covered pavilion
        </li>
        <li
          class="emotion-19 emotion-20"
        >
          Dressy casual attire
        </li>
      </ul>
      <a
        href="https://goo.gl/forms/SKdVBcUt7LUQmP1K2"
        width="100%"
        class="emotion-24 emotion-25"
      >
        RSVP
      </a>
    </div>
    <div
      class="emotion-29 emotion-30"
    >
      <div>
        <iframe
          src="https://www.google.com/maps/embed?pb=!1m18!1m12!1m3!1d2665.5868734347823!2d-114.24015338435312!3d48.07961667921895!2m3!1f0!2f0!3f0!3m2!1i1024!2i768!4f13.1!3m3!1m2!1s0x5366535871876905%3A0x3088f2289bea6c!2sVista+Linda+Mexican+%26+Catering!5e0!3m2!1sen!2sus!4v1520397563655"
          title="map"
          height="300"
          allowfullscreen=""
          class="emotion-28"
        />
      </div>
    </div>
  </div>
</div>
`;
