// Jest Snapshot v1, https://goo.gl/fbAQLP

exports[`Event renders properly 1`] = `
.emotion-12 {
  margin-top: 1.5rem;
}

@media (min-width:33.75em) {
  .emotion-12 {
    margin-top: 0;
  }
}

@media (min-width:56.25em) {
  .emotion-12 {
    margin-top: 1.5rem;
  }
}

.emotion-27 {
  grid-column: 1 / 3;
  padding: 0;
  margin-top: 1.5rem;
}

.emotion-2 {
  line-height: 1.1;
  margin-bottom: 1rem;
}

@media (max-width:21.875em) {
  .emotion-2 {
    font-size: 2.4rem;
  }
}

.emotion-1 {
  display: inline-block;
  margin-left: 1.4em;
  text-indent: -1.4em;
}

.emotion-0 {
  font-family: "Segoe UI Emoji";
}

@media (min-width:56.25em) {
  .emotion-35 {
    display: grid;
    grid-template-columns: 1fr 2fr;
    grid-column-gap: 1rem;
  }
}

@media (min-width:33.75em) {
  .emotion-30 {
    display: grid;
    grid-template-columns: 1fr 1fr;
    grid-column-gap: 3rem;
  }
}

@media (min-width:56.25em) {
  .emotion-30 {
    display: block;
  }
}

.emotion-4 {
  margin: 0.25rem 0;
}

.emotion-10 {
  color: maroon;
  -webkit-text-decoration: none;
  text-decoration: none;
}

.emotion-23 {
  margin-left: 1.5rem;
}

.emotion-28 {
  border-radius: 0.25rem;
  display: inline-block;
  font-size: 1rem;
  text-align: center;
  vertical-align: middle;
  white-space: nowrap;
  -webkit-text-decoration: none;
  text-decoration: none;
  padding: 0.5rem 0.75rem;
  font-size: 1.25rem;
  padding: 0.75rem 1rem;
  border-radius: 0.3rem;
  color: white;
  font-weight: bold;
  background-color: rgb(225,18,130);
  width: 100%;
  grid-column: 1 / 3;
  margin-top: 0.5rem;
}

.emotion-33 {
  margin-top: 1.5rem;
}

@media (min-width:56.25em) {
  .emotion-33 {
    margin-top: 0px;
  }
}

.emotion-32 {
  width: 100%;
  border: 0;
}

<div>
  <h1
    id="uniqueId-description"
    class="emotion-2 emotion-3"
  >
    <span
      class="emotion-1"
    >
      <span
        class="emotion-0"
        role="img"
        aria-label="party hat"
      >
        üéâ
      </span>
      Celebration Details
    </span>
  </h1>
  <div
    class="emotion-35 emotion-36"
  >
    <div
      class="emotion-30 emotion-31"
    >
      <div>
        <h2>
          When?
        </h2>
        <p
          class="emotion-4 emotion-5"
        >
          <time
            datetime="2018-06-23 16:00"
          >
            Saturday, June 23, 2018
          </time>
        </p>
        <p
          class="emotion-4 emotion-5"
        >
          Starts at 4:00pm, dinner buffet at 5:00pm
        </p>
        <a
          href="event.ics"
          download=""
          class="emotion-10 emotion-11"
        >
          <span
            class="emotion-1"
          >
            <span
              class="emotion-0"
              role="img"
              aria-label="calendar"
            >
              üìÜ
            </span>
            Add to calendar
          </span>
        </a>
      </div>
      <div>
        <h2
          class="emotion-12"
        >
          Where?
        </h2>
        <a
          href="http://vistalindacatering.com/"
          rel="nofollow"
          class="emotion-10 emotion-11"
        >
          Vista Linda Mexican & Catering
        </a>
        <address>
          <div>
            <span
              class="emotion-1"
            >
              <span
                class="emotion-0"
                role="img"
                aria-label="round pushpin"
              >
                üìç
              </span>
              <a
                href="https://goo.gl/maps/THRyvih62562"
                class="emotion-10 emotion-11"
              >
                240 Boon Rd, Somers, MT 59932
              </a>
            </span>
          </div>
          <div>
            <span
              class="emotion-1"
            >
              <span
                class="emotion-0"
                role="img"
                aria-label="phone receiver"
              >
                üìû
              </span>
              <a
                href="tel:(406) 857-3158"
                class="emotion-10 emotion-11"
              >
                (406) 857-3158
              </a>
            </span>
          </div>
        </address>
      </div>
      <ul
        class="emotion-27"
      >
        <li
          class="emotion-23 emotion-24"
        >
          Event will take place outdoors in a covered pavilion
        </li>
        <li
          class="emotion-23 emotion-24"
        >
          Dressy casual attire
        </li>
      </ul>
      <a
        href="https://goo.gl/forms/SKdVBcUt7LUQmP1K2"
        width="100%"
        class="emotion-28 emotion-29"
      >
        RSVP
      </a>
    </div>
    <div
      class="emotion-33 emotion-34"
    >
      <div>
        <iframe
          src="https://www.google.com/maps/embed?pb=!1m18!1m12!1m3!1d2665.5868734347823!2d-114.24015338435312!3d48.07961667921895!2m3!1f0!2f0!3f0!3m2!1i1024!2i768!4f13.1!3m3!1m2!1s0x5366535871876905%3A0x3088f2289bea6c!2sVista+Linda+Mexican+%26+Catering!5e0!3m2!1sen!2sus!4v1520397563655"
          title="map"
          height="300"
          allowfullscreen=""
          class="emotion-32"
        />
      </div>
    </div>
  </div>
</div>
`;
