// Jest Snapshot v1, https://goo.gl/fbAQLP

exports[`NavMenu renders properly 1`] = `
.emotion-4 {
  display: -webkit-box;
  display: -webkit-flex;
  display: -ms-flexbox;
  display: flex;
  -webkit-flex-wrap: wrap;
  -ms-flex-wrap: wrap;
  flex-wrap: wrap;
  -webkit-box-pack: center;
  -webkit-justify-content: center;
  -ms-flex-pack: center;
  justify-content: center;
  list-style-type: none;
  padding: 0;
  margin: 0;
}

.emotion-2 {
  -webkit-box-flex: 1;
  -webkit-flex-grow: 1;
  -ms-flex-positive: 1;
  flex-grow: 1;
  text-align: center;
}

.emotion-0 {
  color: maroon;
  -webkit-text-decoration: none;
  text-decoration: none;
  display: block;
  padding: 0.75rem 1rem;
}

<nav>
  <ul
    class="emotion-4 emotion-5"
  >
    <li
      class="emotion-2 emotion-3"
    >
      <a
        href="#id"
        class="emotion-0 emotion-1"
      >
        Menu Item
      </a>
    </li>
  </ul>
</nav>
`;
