// Jest Snapshot v1, https://goo.gl/fbAQLP

exports[`Address is rendered 1`] = `
.emotion-3 {
  display: -webkit-box;
  display: -webkit-flex;
  display: -ms-flexbox;
  display: flex;
  -webkit-align-items: baseline;
  -webkit-box-align: baseline;
  -ms-flex-align: baseline;
  align-items: baseline;
}

.emotion-0 {
  font-family: "Segoe UI Emoji";
  margin-right: 0.25em;
}

.emotion-1 {
  color: hsl(44,56%,32%);
  -webkit-text-decoration: none;
  text-decoration: none;
}

<div>
  <span
    class="emotion-3"
  >
    <span
      class="emotion-0"
      role="img"
      aria-label="round pushpin"
    >
      üìç
    </span>
    <a
      href="https://example.com"
      class="emotion-1 emotion-2"
    >
      123 Main Street
    </a>
  </span>
</div>
`;
